---
source: src/commands/transcode/tests/transcode_command_tests.rs
expression: snapshot
---
- directory: "Unknown Artist - Test Album [2020] [WEB 320]"
  filename: Test Artist - Test Album - 01 Track One.mp3
  size: 2604630
  sha256: 8c8b8e999b1ca8712afb4559b4c5e407f303ec090cdc06901b4083729b20bb55
  audio:
    duration_ms: 65040
    overall_bitrate: 320
    audio_bitrate: 320
    sample_rate: 48000
    bit_depth: ~
    channels: 2
    channel_mask: 3
    tags:
      Id3v2:
        AlbumTitle: Test Album
        Comment: Processed by SoX
        EncoderSettings: reference libFLAC 1.5.0 20250211
        RecordingDate: "2020"
        TrackArtist: Test Artist
        TrackNumber: "1"
        TrackTitle: Track One
    pictures:
      - picture_type: CoverFront
        mime_type: Png
        description: ~
        size: 849
        sha256: c73b57d8ad7de5ea9911190a5a1bcebe9b43b6250166b91b12f5c3ee969ba588
- directory: "Unknown Artist - Test Album [2020] [WEB 320]"
  filename: Test Artist - Test Album - 02 Track Two.mp3
  size: 2604630
  sha256: ba0b4fe41e352db7fc8e22ec07f07307c4a4631b8753d9f9ce35aeb93190fd60
  audio:
    duration_ms: 65040
    overall_bitrate: 320
    audio_bitrate: 320
    sample_rate: 48000
    bit_depth: ~
    channels: 2
    channel_mask: 3
    tags:
      Id3v2:
        AlbumTitle: Test Album
        Comment: Processed by SoX
        EncoderSettings: reference libFLAC 1.5.0 20250211
        RecordingDate: "2020"
        TrackArtist: Test Artist
        TrackNumber: "2"
        TrackTitle: Track Two
    pictures:
      - picture_type: CoverFront
        mime_type: Png
        description: ~
        size: 849
        sha256: c73b57d8ad7de5ea9911190a5a1bcebe9b43b6250166b91b12f5c3ee969ba588
- directory: "Unknown Artist - Test Album [2020] [WEB 320]"
  filename: cover.png
  size: 849
  sha256: c73b57d8ad7de5ea9911190a5a1bcebe9b43b6250166b91b12f5c3ee969ba588
  image:
    width: 100
    height: 100
    color_type: Rgb8
- directory: "Unknown Artist - Test Album [2020] [WEB V0]"
  filename: Test Artist - Test Album - 01 Track One.mp3
  size: 1406118
  sha256: dcfac3748c2abf8620eb12e1c8aa620f3881ff0da9501731032ac06e1ecb0df7
  audio:
    duration_ms: 65040
    overall_bitrate: 172
    audio_bitrate: 172
    sample_rate: 48000
    bit_depth: ~
    channels: 2
    channel_mask: 3
    tags:
      Id3v2:
        AlbumTitle: Test Album
        Comment: Processed by SoX
        EncoderSettings: reference libFLAC 1.5.0 20250211
        RecordingDate: "2020"
        TrackArtist: Test Artist
        TrackNumber: "1"
        TrackTitle: Track One
    pictures:
      - picture_type: CoverFront
        mime_type: Png
        description: ~
        size: 849
        sha256: c73b57d8ad7de5ea9911190a5a1bcebe9b43b6250166b91b12f5c3ee969ba588
- directory: "Unknown Artist - Test Album [2020] [WEB V0]"
  filename: Test Artist - Test Album - 02 Track Two.mp3
  size: 1431606
  sha256: 189271ed9fae344102f91e1c6063f1cd6113b8377be7ec7c377f085063c11017
  audio:
    duration_ms: 65040
    overall_bitrate: 176
    audio_bitrate: 175
    sample_rate: 48000
    bit_depth: ~
    channels: 2
    channel_mask: 3
    tags:
      Id3v2:
        AlbumTitle: Test Album
        Comment: Processed by SoX
        EncoderSettings: reference libFLAC 1.5.0 20250211
        RecordingDate: "2020"
        TrackArtist: Test Artist
        TrackNumber: "2"
        TrackTitle: Track Two
    pictures:
      - picture_type: CoverFront
        mime_type: Png
        description: ~
        size: 849
        sha256: c73b57d8ad7de5ea9911190a5a1bcebe9b43b6250166b91b12f5c3ee969ba588
- directory: "Unknown Artist - Test Album [2020] [WEB V0]"
  filename: cover.png
  size: 849
  sha256: c73b57d8ad7de5ea9911190a5a1bcebe9b43b6250166b91b12f5c3ee969ba588
  image:
    width: 100
    height: 100
    color_type: Rgb8
