---
source: crates/core/src/commands/spectrogram/tests/spectrogram_command_tests.rs
expression: snapshot
---
- directory: "Test Artist - Test Album [2020] [WEB SPECTROGRAMS]"
  filename: Test Artist - Test Album - 01 Track One.full.png
  size: 14147
  sha256: 6e510e3983f0fb02a1af9f351c442a104c7f38c662415667320648202bc759c3
  image:
    width: 3144
    height: 611
    color_type: Rgb8
- directory: "Test Artist - Test Album [2020] [WEB SPECTROGRAMS]"
  filename: Test Artist - Test Album - 01 Track One.zoom.png
  size: 10755
  sha256: b40bc3dc8456a98c2b242a0c877a8db1da6152dd74c52fcbcdee89d991d35c2f
  image:
    width: 644
    height: 1123
    color_type: Rgb8
- directory: "Test Artist - Test Album [2020] [WEB SPECTROGRAMS]"
  filename: Test Artist - Test Album - 02 Track Two.full.png
  size: 13218
  sha256: 0664e6fe7fd628ac5f00671489a75136f8869138ebd5d1bbb6ad97f80fd8d324
  image:
    width: 3144
    height: 611
    color_type: Rgb8
- directory: "Test Artist - Test Album [2020] [WEB SPECTROGRAMS]"
  filename: Test Artist - Test Album - 02 Track Two.zoom.png
  size: 10609
  sha256: 23546d0e005a88ed4bd0d10712d6aaadd0a5029179248a73e7e1158208fa7898
  image:
    width: 644
    height: 1123
    color_type: Rgb8
