---
source: crates/core/src/commands/spectrogram/tests/spectrogram_command_tests.rs
expression: snapshot
---
- directory: "Short Artist - Short Album [2024] [WEB SPECTROGRAMS]"
  filename: Short Artist - Short Album - 01 Short Track.full.png
  size: 78293
  sha256: adcdea6d1f8e365a375143c0e3726c845b733a345cdfe6437be99135caf2498b
  image:
    width: 3137
    height: 611
    color_type: Rgb8
- directory: "Short Artist - Short Album [2024] [WEB SPECTROGRAMS]"
  filename: Short Artist - Short Album - 01 Short Track.zoom.png
  size: 23928
  sha256: cb7899e80822e1257ccf542e3c31a327f0802eda2911d2fae18265a32856052e
  image:
    width: 644
    height: 1123
    color_type: Rgb8
