---
source: crates/core/src/commands/spectrogram/tests/spectrogram_command_tests.rs
expression: snapshot
---
- directory: "Test Artist - Test Album [2020] [WEB SPECTROGRAMS]"
  filename: Test Artist - Test Album - 01 Track One.full.png
  size: 14206
  sha256: 402002955aab6126dec7207e017d60179da94215ef6e836992c100222bcc9a60
  image:
    width: 3144
    height: 611
    color_type: Rgb8
- directory: "Test Artist - Test Album [2020] [WEB SPECTROGRAMS]"
  filename: Test Artist - Test Album - 01 Track One.zoom.png
  size: 10755
  sha256: 26f7b5f66e92c302e23514311f188c1f46e029bcf1594185b232f15b3660f7b6
  image:
    width: 644
    height: 1123
    color_type: Rgb8
- directory: "Test Artist - Test Album [2020] [WEB SPECTROGRAMS]"
  filename: Test Artist - Test Album - 02 Track Two.full.png
  size: 13254
  sha256: ddda41769e41347b3302f7b4f3d268cc70fc76b891728726dbe571c798016dae
  image:
    width: 3144
    height: 611
    color_type: Rgb8
- directory: "Test Artist - Test Album [2020] [WEB SPECTROGRAMS]"
  filename: Test Artist - Test Album - 02 Track Two.zoom.png
  size: 10609
  sha256: 19e22e9b0617341d0ac7eb235246abf61acb9dc0bfdd2dd28f072ffea785664e
  image:
    width: 644
    height: 1123
    color_type: Rgb8
