---
source: crates/core/src/commands/spectrogram/tests/spectrogram_command_tests.rs
expression: snapshot
---
- directory: "Short Artist - Short Album [2024] [WEB SPECTROGRAMS]"
  filename: Short Artist - Short Album - 01 Short Track.full.png
  size: 78428
  sha256: c9bbb3972e5921af89fe388c6c49d8cce670ae3cea86de82ffa826e0da0b5e29
  image:
    width: 3137
    height: 611
    color_type: Rgb8
- directory: "Short Artist - Short Album [2024] [WEB SPECTROGRAMS]"
  filename: Short Artist - Short Album - 01 Short Track.zoom.png
  size: 23935
  sha256: 65b3b87123bccfb41dd4b0f04b97f9237653af11c403d7ffda1e8fdf6e82a0f0
  image:
    width: 644
    height: 1123
    color_type: Rgb8
