---
source: crates/core/src/commands/spectrogram/tests/spectrogram_command_tests.rs
expression: snapshot
---
- directory: "Very Short Artist - Very Short Album [2024] [WEB SPECTROGRAMS]"
  filename: Very Short Artist - Very Short Album - 01 Very Short Track.full.png
  size: 43009
  sha256: 345b0fb42d0faff8a32ace427aa7759b2a338bd30ca35415a2d93f0f65fadfc7
  image:
    width: 3144
    height: 611
    color_type: Rgb8
- directory: "Very Short Artist - Very Short Album [2024] [WEB SPECTROGRAMS]"
  filename: Very Short Artist - Very Short Album - 01 Very Short Track.zoom.png
  size: 16994
  sha256: 68f668b722b96f0d1c8fa395bcfb21cba48fcd61ca83a2915b584a4d46913b5f
  image:
    width: 395
    height: 1123
    color_type: Rgb8
