---
source: crates/core/src/commands/inspect/tests/inspect_tests.rs
expression: output
---
                          Bit    Sample
                          Rate   Rate
D   T   Time    Size      kbps   kHz      Channels

1   1   01:05   767 KiB     96   44.1     Joint stereo
1   2   01:05   746 KiB     93   44.1     Joint stereo
2   1   01:05   766 KiB     96   44.1     Joint stereo
2   2   01:05   737 KiB     92   44.1     Joint stereo

---

Disc 1/Rename Artist - Multi Disc Album - 01 First Track.mp3

Album Title      Multi Disc Album   TALB
Recording Date   2024               TDRC
Track Title      First Track        TIT2
Track Artist     Rename Artist      TPE1
Disc Number      1                  TPOS
Track Number     1                  TRCK

Front Cover   0.8 KiB   image/png   APIC

---

Disc 1/Rename Artist - Multi Disc Album - 02 Second Track.mp3

Album Title      Multi Disc Album   TALB
Recording Date   2024               TDRC
Track Title      Second Track       TIT2
Track Artist     Rename Artist      TPE1
Disc Number      1                  TPOS
Track Number     2                  TRCK

Front Cover   0.8 KiB   image/png   APIC

---

Disc 2/Rename Artist - Multi Disc Album - 01 Third Track.mp3

Album Title      Multi Disc Album   TALB
Recording Date   2024               TDRC
Track Title      Third Track        TIT2
Track Artist     Rename Artist      TPE1
Disc Number      2                  TPOS
Track Number     1                  TRCK

Front Cover   0.8 KiB   image/png   APIC

---

Disc 2/Rename Artist - Multi Disc Album - 02 Fourth Track.mp3

Album Title      Multi Disc Album   TALB
Recording Date   2024               TDRC
Track Title      Fourth Track       TIT2
Track Artist     Rename Artist      TPE1
Disc Number      2                  TPOS
Track Number     2                  TRCK

Front Cover   0.8 KiB   image/png   APIC
