---
source: crates/macros/src/lib.rs
expression: expand_options_from_file(source)
---
/// Partial options struct with optional fields for CLI/YAML parsing.
#[derive(
    ::clap::Args,
    ::std::clone::Clone,
    ::std::fmt::Debug,
    ::std::default::Default,
    ::serde::Deserialize,
    ::serde::Serialize
)]
pub struct UploadOptionsPartial {
    /// Should the transcoded files be copied to the content directory?
    ///
    /// Default: `false`
    #[arg(
        long = "copy-transcode-to-content-dir",
        default_value = None,
        action = ::clap::ArgAction::SetTrue
    )]
    #[serde(default, skip_serializing_if = "::std::option::Option::is_none")]
    pub copy_transcode_to_content_dir: Option<bool>,
    /// Directory the transcoded files are copied to.
    ///
    /// This should be set if you wish to auto-add to your torrent client.
    #[arg(long)]
    #[serde(default, skip_serializing_if = "::std::option::Option::is_none")]
    pub copy_transcode_to: Option<PathBuf>,
    /// Directory the torrent file is copied to.
    ///
    /// This should be set if you wish to auto-add to your torrent client.
    #[arg(long)]
    #[serde(default, skip_serializing_if = "::std::option::Option::is_none")]
    pub copy_torrent_to: Option<PathBuf>,
    /// Is this a dry run?
    ///
    /// If enabled data won't be uploaded and will instead be printed to the console.
    ///
    /// Default: `false`
    #[arg(long = "dry-run", default_value = None, action = ::clap::ArgAction::SetTrue)]
    #[serde(default, skip_serializing_if = "::std::option::Option::is_none")]
    pub dry_run: Option<bool>,
}
impl UploadOptionsPartial {
    fn resolve_internal(
        self,
        validate: bool,
    ) -> ::std::result::Result<
        UploadOptions,
        ::std::vec::Vec<crate::options::OptionRule>,
    > {
        let mut errors = ::std::vec::Vec::new();
        let copy_transcode_to_content_dir = self.copy_transcode_to_content_dir;
        let copy_transcode_to = self.copy_transcode_to;
        let copy_torrent_to = self.copy_torrent_to;
        let dry_run = self.dry_run;
        let resolved = UploadOptions {
            copy_transcode_to_content_dir: copy_transcode_to_content_dir
                .unwrap_or_default(),
            copy_transcode_to,
            copy_torrent_to,
            dry_run: dry_run.unwrap_or_default(),
        };
        if validate {
            resolved.validate(&mut errors);
        }
        if errors.is_empty() {
            ::std::result::Result::Ok(resolved)
        } else {
            ::std::result::Result::Err(errors)
        }
    }
}
impl crate::options::OptionsPartialContract for UploadOptionsPartial {
    type Resolved = UploadOptions;
    fn merge(&mut self, other: Self) {
        if self.copy_transcode_to_content_dir.is_none() {
            self.copy_transcode_to_content_dir = other.copy_transcode_to_content_dir;
        }
        if self.copy_transcode_to.is_none() {
            self.copy_transcode_to = other.copy_transcode_to;
        }
        if self.copy_torrent_to.is_none() {
            self.copy_torrent_to = other.copy_torrent_to;
        }
        if self.dry_run.is_none() {
            self.dry_run = other.dry_run;
        }
    }
    fn resolve_without_validation(self) -> UploadOptions {
        self.resolve_internal(false).expect("validation disabled")
    }
    fn resolve(
        self,
    ) -> ::std::result::Result<
        UploadOptions,
        ::std::vec::Vec<crate::options::OptionRule>,
    > {
        self.resolve_internal(true)
    }
}
impl ::std::default::Default for UploadOptions {
    fn default() -> Self {
        Self {
            copy_transcode_to_content_dir: ::std::default::Default::default(),
            copy_transcode_to: ::std::option::Option::None,
            copy_torrent_to: ::std::option::Option::None,
            dry_run: ::std::default::Default::default(),
        }
    }
}
impl crate::options::Documented for UploadOptions {
    fn doc_metadata() -> &'static crate::options::OptionsDoc {
        static DOC: ::std::sync::LazyLock<crate::options::OptionsDoc> = ::std::sync::LazyLock::new(||
        crate::options::OptionsDoc {
            name: "UploadOptions",
            description: "Options for upload",
            fields: ::std::vec![
                crate ::options::FieldDoc { config_key : "copy_transcode_to_content_dir",
                cli_flag : "--copy-transcode-to-content-dir", field_type : "bool",
                default_value : ::std::option::Option::Some("false".to_owned()),
                default_doc : ::std::option::Option::None, description :
                "Should the transcoded files be copied to the content directory?", },
                crate ::options::FieldDoc { config_key : "copy_transcode_to", cli_flag :
                "--copy-transcode-to", field_type : "Option<PathBuf>", default_value :
                ::std::option::Option::None, default_doc : ::std::option::Option::None,
                description :
                "Directory the transcoded files are copied to.<br>This should be set if you wish to auto-add to your torrent client.",
                }, crate ::options::FieldDoc { config_key : "copy_torrent_to", cli_flag :
                "--copy-torrent-to", field_type : "Option<PathBuf>", default_value :
                ::std::option::Option::None, default_doc : ::std::option::Option::None,
                description :
                "Directory the torrent file is copied to.<br>This should be set if you wish to auto-add to your torrent client.",
                }, crate ::options::FieldDoc { config_key : "dry_run", cli_flag :
                "--dry-run", field_type : "bool", default_value :
                ::std::option::Option::Some("false".to_owned()), default_doc :
                ::std::option::Option::None, description :
                "Is this a dry run?<br>If enabled data won't be uploaded and will instead be printed to the console.",
                }
            ],
        });
        &DOC
    }
}
