---
source: crates/macros/src/lib.rs
expression: expand_options_from_file(source)
---
/// Partial options struct with optional fields for CLI/YAML parsing.
#[derive(
    ::clap::Args,
    ::std::clone::Clone,
    ::std::fmt::Debug,
    ::std::default::Default,
    ::serde::Deserialize,
    ::serde::Serialize
)]
pub struct CacheOptionsPartial {
    /// Path to cache directory.
    ///
    /// Default: `PathBuf::from("./cache")`
    #[arg(long)]
    #[serde(default, skip_serializing_if = "::std::option::Option::is_none")]
    pub cache: Option<PathBuf>,
}
impl CacheOptionsPartial {
    fn resolve_internal(
        self,
        validate: bool,
    ) -> ::std::result::Result<
        CacheOptions,
        ::std::vec::Vec<crate::options::OptionRule>,
    > {
        let mut errors = ::std::vec::Vec::new();
        let cache = self.cache;
        let resolved = CacheOptions {
            cache: cache.unwrap_or_else(|| PathBuf::from("./cache")),
        };
        if validate {
            resolved.validate(&mut errors);
        }
        if errors.is_empty() {
            ::std::result::Result::Ok(resolved)
        } else {
            ::std::result::Result::Err(errors)
        }
    }
}
impl crate::options::OptionsPartialContract for CacheOptionsPartial {
    type Resolved = CacheOptions;
    fn merge(&mut self, other: Self) {
        if self.cache.is_none() {
            self.cache = other.cache;
        }
    }
    fn resolve_without_validation(self) -> CacheOptions {
        self.resolve_internal(false).expect("validation disabled")
    }
    fn resolve(
        self,
    ) -> ::std::result::Result<
        CacheOptions,
        ::std::vec::Vec<crate::options::OptionRule>,
    > {
        self.resolve_internal(true)
    }
}
impl ::std::default::Default for CacheOptions {
    fn default() -> Self {
        Self {
            cache: PathBuf::from("./cache"),
        }
    }
}
impl crate::options::Documented for CacheOptions {
    fn doc_metadata() -> &'static crate::options::OptionsDoc {
        static DOC: ::std::sync::LazyLock<crate::options::OptionsDoc> = ::std::sync::LazyLock::new(||
        crate::options::OptionsDoc {
            name: "CacheOptions",
            description: "Options for queue cache",
            fields: ::std::vec![
                crate ::options::FieldDoc { config_key : "cache", cli_flag : "--cache",
                field_type : "PathBuf", default_value :
                ::std::option::Option::Some(::serde_json::to_string(&
                (PathBuf::from("./cache"))).unwrap()), default_doc :
                ::std::option::Option::None, description : "Path to cache directory.", }
            ],
        });
        &DOC
    }
}
