---
source: crates/core/src/commands/transcode/tests/transcode_command_tests.rs
expression: snapshot
---
- directory: "Test Artist - Test Album [2020] [WEB 320]"
  filename: Test Artist - Test Album - 01 Track One.mp3
  size: 2604556
  sha256: eb1e5b3bc9bb4ded987050bf2482de27af5fa9176aeab93d679e1357ff1a202c
  audio:
    duration_ms: 65040
    overall_bitrate: 320
    audio_bitrate: 320
    sample_rate: 48000
    bit_depth: ~
    channels: 2
    channel_mask: 3
    tags:
      Id3v2:
        AlbumTitle: Test Album
        RecordingDate: "2020"
        TrackArtist: Test Artist
        TrackNumber: "1"
        TrackTitle: Track One
    pictures:
      - picture_type: CoverFront
        mime_type: Png
        description: ~
        size: 849
        sha256: c73b57d8ad7de5ea9911190a5a1bcebe9b43b6250166b91b12f5c3ee969ba588
- directory: "Test Artist - Test Album [2020] [WEB 320]"
  filename: Test Artist - Test Album - 02 Track Two.mp3
  size: 2604556
  sha256: fde83ec861e3a1eda618d8c43968d2d49b393cc5baa0e9d2977fbc4e427347e4
  audio:
    duration_ms: 65040
    overall_bitrate: 320
    audio_bitrate: 320
    sample_rate: 48000
    bit_depth: ~
    channels: 2
    channel_mask: 3
    tags:
      Id3v2:
        AlbumTitle: Test Album
        RecordingDate: "2020"
        TrackArtist: Test Artist
        TrackNumber: "2"
        TrackTitle: Track Two
    pictures:
      - picture_type: CoverFront
        mime_type: Png
        description: ~
        size: 849
        sha256: c73b57d8ad7de5ea9911190a5a1bcebe9b43b6250166b91b12f5c3ee969ba588
- directory: "Test Artist - Test Album [2020] [WEB 320]"
  filename: cover.png
  size: 849
  sha256: c73b57d8ad7de5ea9911190a5a1bcebe9b43b6250166b91b12f5c3ee969ba588
  image:
    width: 100
    height: 100
    color_type: Rgb8
- directory: "Test Artist - Test Album [2020] [WEB FLAC]"
  filename: Test Artist - Test Album - 01 Track One.flac
  size: 2073476
  sha256: d6cdb915ac80cfcee6104aa9451b08f5910d811e8255bdf3112776fc0985b026
  audio:
    duration_ms: 65000
    overall_bitrate: 255
    audio_bitrate: 255
    sample_rate: 48000
    bit_depth: 16
    channels: 2
    channel_mask: ~
    tags:
      VorbisComments:
        AlbumTitle: Test Album
        EncoderSoftware: reference libFLAC 1.5.0 20250211
        RecordingDate: "2020"
        TrackArtist: Test Artist
        TrackNumber: "1"
        TrackTitle: Track One
    pictures: []
- directory: "Test Artist - Test Album [2020] [WEB FLAC]"
  filename: Test Artist - Test Album - 02 Track Two.flac
  size: 2484900
  sha256: fc08d1e8b759108bf22edf6e3643ce6308b1bc29d711d207d91e685afd109fd1
  audio:
    duration_ms: 65000
    overall_bitrate: 305
    audio_bitrate: 305
    sample_rate: 48000
    bit_depth: 16
    channels: 2
    channel_mask: ~
    tags:
      VorbisComments:
        AlbumTitle: Test Album
        EncoderSoftware: reference libFLAC 1.5.0 20250211
        RecordingDate: "2020"
        TrackArtist: Test Artist
        TrackNumber: "2"
        TrackTitle: Track Two
    pictures: []
- directory: "Test Artist - Test Album [2020] [WEB FLAC]"
  filename: cover.png
  size: 849
  sha256: c73b57d8ad7de5ea9911190a5a1bcebe9b43b6250166b91b12f5c3ee969ba588
  image:
    width: 100
    height: 100
    color_type: Rgb8
- directory: "Test Artist - Test Album [2020] [WEB V0]"
  filename: Test Artist - Test Album - 01 Track One.mp3
  size: 1384564
  sha256: 6ccc25060f1ad119de13a49bf9ad46568c7260aa65ae0b4f7fd95ab1d65eabdf
  audio:
    duration_ms: 65040
    overall_bitrate: 170
    audio_bitrate: 170
    sample_rate: 48000
    bit_depth: ~
    channels: 2
    channel_mask: 3
    tags:
      Id3v2:
        AlbumTitle: Test Album
        RecordingDate: "2020"
        TrackArtist: Test Artist
        TrackNumber: "1"
        TrackTitle: Track One
    pictures:
      - picture_type: CoverFront
        mime_type: Png
        description: ~
        size: 849
        sha256: c73b57d8ad7de5ea9911190a5a1bcebe9b43b6250166b91b12f5c3ee969ba588
- directory: "Test Artist - Test Album [2020] [WEB V0]"
  filename: Test Artist - Test Album - 02 Track Two.mp3
  size: 1407532
  sha256: f9a05f4e4ab1a2d0050f6820a8c61bbe00adf7588daa8261de07b375252679e9
  audio:
    duration_ms: 65040
    overall_bitrate: 173
    audio_bitrate: 172
    sample_rate: 48000
    bit_depth: ~
    channels: 2
    channel_mask: 3
    tags:
      Id3v2:
        AlbumTitle: Test Album
        RecordingDate: "2020"
        TrackArtist: Test Artist
        TrackNumber: "2"
        TrackTitle: Track Two
    pictures:
      - picture_type: CoverFront
        mime_type: Png
        description: ~
        size: 849
        sha256: c73b57d8ad7de5ea9911190a5a1bcebe9b43b6250166b91b12f5c3ee969ba588
- directory: "Test Artist - Test Album [2020] [WEB V0]"
  filename: cover.png
  size: 849
  sha256: c73b57d8ad7de5ea9911190a5a1bcebe9b43b6250166b91b12f5c3ee969ba588
  image:
    width: 100
    height: 100
    color_type: Rgb8
