---
source: crates/core/src/commands/transcode/tests/transcode_command_tests.rs
expression: snapshot
---
- directory: "Test Artist - Test Album [2020] [WEB 320]"
  filename: Test Artist - Test Album - 01 Track One.mp3
  size: 2604630
  sha256: 76b00d5b9febc797a310dde295ea54035317f931c4314dcd2a401ce8a0401338
  audio:
    duration_ms: 65040
    overall_bitrate: 320
    audio_bitrate: 320
    sample_rate: 48000
    bit_depth: ~
    channels: 2
    channel_mask: 3
    tags:
      Id3v2:
        AlbumTitle: Test Album
        Comment: Processed by SoX
        EncoderSettings: reference libFLAC 1.5.0 20250211
        RecordingDate: "2020"
        TrackArtist: Test Artist
        TrackNumber: "1"
        TrackTitle: Track One
    pictures:
      - picture_type: CoverFront
        mime_type: Png
        description: ~
        size: 849
        sha256: c73b57d8ad7de5ea9911190a5a1bcebe9b43b6250166b91b12f5c3ee969ba588
- directory: "Test Artist - Test Album [2020] [WEB 320]"
  filename: Test Artist - Test Album - 02 Track Two.mp3
  size: 2604630
  sha256: bf4ded85b6d58262e7591c150dc3da3b797da4dbf701ce678009a8a1419c0dd1
  audio:
    duration_ms: 65040
    overall_bitrate: 320
    audio_bitrate: 320
    sample_rate: 48000
    bit_depth: ~
    channels: 2
    channel_mask: 3
    tags:
      Id3v2:
        AlbumTitle: Test Album
        Comment: Processed by SoX
        EncoderSettings: reference libFLAC 1.5.0 20250211
        RecordingDate: "2020"
        TrackArtist: Test Artist
        TrackNumber: "2"
        TrackTitle: Track Two
    pictures:
      - picture_type: CoverFront
        mime_type: Png
        description: ~
        size: 849
        sha256: c73b57d8ad7de5ea9911190a5a1bcebe9b43b6250166b91b12f5c3ee969ba588
- directory: "Test Artist - Test Album [2020] [WEB 320]"
  filename: cover.png
  size: 849
  sha256: c73b57d8ad7de5ea9911190a5a1bcebe9b43b6250166b91b12f5c3ee969ba588
  image:
    width: 100
    height: 100
    color_type: Rgb8
- directory: "Test Artist - Test Album [2020] [WEB FLAC]"
  filename: Test Artist - Test Album - 01 Track One.flac
  size: 2201293
  sha256: bef95a306a62dd296b34cb3be815df26451b62f0cc648361de1edb6aca8d823b
  audio:
    duration_ms: 65000
    overall_bitrate: 270
    audio_bitrate: 270
    sample_rate: 48000
    bit_depth: 16
    channels: 2
    channel_mask: ~
    tags:
      VorbisComments:
        AlbumTitle: Test Album
        Comment: Processed by SoX
        EncoderSoftware: reference libFLAC 1.5.0 20250211
        RecordingDate: "2020"
        TrackArtist: Test Artist
        TrackNumber: "1"
        TrackTitle: Track One
    pictures: []
- directory: "Test Artist - Test Album [2020] [WEB FLAC]"
  filename: Test Artist - Test Album - 02 Track Two.flac
  size: 2397360
  sha256: e3bb17c6f805a0b8867b4c482bcd7811d241c62d7dcb99ba725030d86a9e4a5f
  audio:
    duration_ms: 65000
    overall_bitrate: 295
    audio_bitrate: 295
    sample_rate: 48000
    bit_depth: 16
    channels: 2
    channel_mask: ~
    tags:
      VorbisComments:
        AlbumTitle: Test Album
        Comment: Processed by SoX
        EncoderSoftware: reference libFLAC 1.5.0 20250211
        RecordingDate: "2020"
        TrackArtist: Test Artist
        TrackNumber: "2"
        TrackTitle: Track Two
    pictures: []
- directory: "Test Artist - Test Album [2020] [WEB FLAC]"
  filename: cover.png
  size: 849
  sha256: c73b57d8ad7de5ea9911190a5a1bcebe9b43b6250166b91b12f5c3ee969ba588
  image:
    width: 100
    height: 100
    color_type: Rgb8
- directory: "Test Artist - Test Album [2020] [WEB V0]"
  filename: Test Artist - Test Album - 01 Track One.mp3
  size: 1406286
  sha256: 163d0b7fba2fc7d15eaa5f9242bb4d9f32fa3857dd6112c9110d2b4be81207d5
  audio:
    duration_ms: 65040
    overall_bitrate: 172
    audio_bitrate: 172
    sample_rate: 48000
    bit_depth: ~
    channels: 2
    channel_mask: 3
    tags:
      Id3v2:
        AlbumTitle: Test Album
        Comment: Processed by SoX
        EncoderSettings: reference libFLAC 1.5.0 20250211
        RecordingDate: "2020"
        TrackArtist: Test Artist
        TrackNumber: "1"
        TrackTitle: Track One
    pictures:
      - picture_type: CoverFront
        mime_type: Png
        description: ~
        size: 849
        sha256: c73b57d8ad7de5ea9911190a5a1bcebe9b43b6250166b91b12f5c3ee969ba588
- directory: "Test Artist - Test Album [2020] [WEB V0]"
  filename: Test Artist - Test Album - 02 Track Two.mp3
  size: 1430838
  sha256: dc5b68d1a8d0fcf3d4aa926a383c0927efefa88ef12487c0549f17c6986a440a
  audio:
    duration_ms: 65040
    overall_bitrate: 175
    audio_bitrate: 175
    sample_rate: 48000
    bit_depth: ~
    channels: 2
    channel_mask: 3
    tags:
      Id3v2:
        AlbumTitle: Test Album
        Comment: Processed by SoX
        EncoderSettings: reference libFLAC 1.5.0 20250211
        RecordingDate: "2020"
        TrackArtist: Test Artist
        TrackNumber: "2"
        TrackTitle: Track Two
    pictures:
      - picture_type: CoverFront
        mime_type: Png
        description: ~
        size: 849
        sha256: c73b57d8ad7de5ea9911190a5a1bcebe9b43b6250166b91b12f5c3ee969ba588
- directory: "Test Artist - Test Album [2020] [WEB V0]"
  filename: cover.png
  size: 849
  sha256: c73b57d8ad7de5ea9911190a5a1bcebe9b43b6250166b91b12f5c3ee969ba588
  image:
    width: 100
    height: 100
    color_type: Rgb8
