---
source: crates/core/src/commands/transcode/tests/rename_tracks_tests.rs
expression: snapshot
---
- directory: "Rename Artist - Double Digit Album [2024] [WEB 320]"
  filename: 01 Track One.mp3
  size: 2604846
  sha256: 9488773f275e4b89f35be2f0de7ca4fa3c10e3841c22d589d413c55abb481947
  audio:
    duration_ms: 65045
    overall_bitrate: 320
    audio_bitrate: 320
    sample_rate: 44100
    bit_depth: ~
    channels: 2
    channel_mask: 3
    tags:
      Id3v2:
        AlbumTitle: Double Digit Album
        RecordingDate: "2024"
        TrackArtist: Rename Artist
        TrackNumber: "1"
        TrackTitle: Track One
    pictures:
      - picture_type: CoverFront
        mime_type: Png
        description: ~
        size: 849
        sha256: c73b57d8ad7de5ea9911190a5a1bcebe9b43b6250166b91b12f5c3ee969ba588
- directory: "Rename Artist - Double Digit Album [2024] [WEB 320]"
  filename: 02 Track Two.mp3
  size: 2604846
  sha256: eed97674da758ecffdea534e46fd757a54190f91500ba0cd75b025673f108cc8
  audio:
    duration_ms: 65045
    overall_bitrate: 320
    audio_bitrate: 320
    sample_rate: 44100
    bit_depth: ~
    channels: 2
    channel_mask: 3
    tags:
      Id3v2:
        AlbumTitle: Double Digit Album
        RecordingDate: "2024"
        TrackArtist: Rename Artist
        TrackNumber: "2"
        TrackTitle: Track Two
    pictures:
      - picture_type: CoverFront
        mime_type: Png
        description: ~
        size: 849
        sha256: c73b57d8ad7de5ea9911190a5a1bcebe9b43b6250166b91b12f5c3ee969ba588
- directory: "Rename Artist - Double Digit Album [2024] [WEB 320]"
  filename: 03 Track Three.mp3
  size: 2604848
  sha256: 6e8f1e33b653c7b895fe2d2a05a39d7eab787d6638d3a88de4b808f5a0e40798
  audio:
    duration_ms: 65045
    overall_bitrate: 320
    audio_bitrate: 320
    sample_rate: 44100
    bit_depth: ~
    channels: 2
    channel_mask: 3
    tags:
      Id3v2:
        AlbumTitle: Double Digit Album
        RecordingDate: "2024"
        TrackArtist: Rename Artist
        TrackNumber: "3"
        TrackTitle: Track Three
    pictures:
      - picture_type: CoverFront
        mime_type: Png
        description: ~
        size: 849
        sha256: c73b57d8ad7de5ea9911190a5a1bcebe9b43b6250166b91b12f5c3ee969ba588
- directory: "Rename Artist - Double Digit Album [2024] [WEB 320]"
  filename: 04 Track Four.mp3
  size: 2604847
  sha256: 2a23abaa35a0f54e17a23171e2571fc6f2feae6cc2edf9638c60e8b605c838d9
  audio:
    duration_ms: 65045
    overall_bitrate: 320
    audio_bitrate: 320
    sample_rate: 44100
    bit_depth: ~
    channels: 2
    channel_mask: 3
    tags:
      Id3v2:
        AlbumTitle: Double Digit Album
        RecordingDate: "2024"
        TrackArtist: Rename Artist
        TrackNumber: "4"
        TrackTitle: Track Four
    pictures:
      - picture_type: CoverFront
        mime_type: Png
        description: ~
        size: 849
        sha256: c73b57d8ad7de5ea9911190a5a1bcebe9b43b6250166b91b12f5c3ee969ba588
- directory: "Rename Artist - Double Digit Album [2024] [WEB 320]"
  filename: 05 Track Five.mp3
  size: 2604847
  sha256: 919af801182a0a6c356cdeb4f2f66e7b3b2d93a302441688758d7db83b186399
  audio:
    duration_ms: 65045
    overall_bitrate: 320
    audio_bitrate: 320
    sample_rate: 44100
    bit_depth: ~
    channels: 2
    channel_mask: 3
    tags:
      Id3v2:
        AlbumTitle: Double Digit Album
        RecordingDate: "2024"
        TrackArtist: Rename Artist
        TrackNumber: "5"
        TrackTitle: Track Five
    pictures:
      - picture_type: CoverFront
        mime_type: Png
        description: ~
        size: 849
        sha256: c73b57d8ad7de5ea9911190a5a1bcebe9b43b6250166b91b12f5c3ee969ba588
- directory: "Rename Artist - Double Digit Album [2024] [WEB 320]"
  filename: 06 Track Six.mp3
  size: 2604846
  sha256: 96ec166517dd9661232b7ee80aea7f1beb9692a3b200cbdacfdfbd7703c56e87
  audio:
    duration_ms: 65045
    overall_bitrate: 320
    audio_bitrate: 320
    sample_rate: 44100
    bit_depth: ~
    channels: 2
    channel_mask: 3
    tags:
      Id3v2:
        AlbumTitle: Double Digit Album
        RecordingDate: "2024"
        TrackArtist: Rename Artist
        TrackNumber: "6"
        TrackTitle: Track Six
    pictures:
      - picture_type: CoverFront
        mime_type: Png
        description: ~
        size: 849
        sha256: c73b57d8ad7de5ea9911190a5a1bcebe9b43b6250166b91b12f5c3ee969ba588
- directory: "Rename Artist - Double Digit Album [2024] [WEB 320]"
  filename: 07 Track Seven.mp3
  size: 2604848
  sha256: 718feba289872d347f0ee7f3186e9b0b94cc1931d331e992c336d51e6448dd70
  audio:
    duration_ms: 65045
    overall_bitrate: 320
    audio_bitrate: 320
    sample_rate: 44100
    bit_depth: ~
    channels: 2
    channel_mask: 3
    tags:
      Id3v2:
        AlbumTitle: Double Digit Album
        RecordingDate: "2024"
        TrackArtist: Rename Artist
        TrackNumber: "7"
        TrackTitle: Track Seven
    pictures:
      - picture_type: CoverFront
        mime_type: Png
        description: ~
        size: 849
        sha256: c73b57d8ad7de5ea9911190a5a1bcebe9b43b6250166b91b12f5c3ee969ba588
- directory: "Rename Artist - Double Digit Album [2024] [WEB 320]"
  filename: 08 Track Eight.mp3
  size: 2604848
  sha256: 72ac88c61050774f48fdc9f12a0d40b3081cbb230e5ec90b0ec469c326a2a1ad
  audio:
    duration_ms: 65045
    overall_bitrate: 320
    audio_bitrate: 320
    sample_rate: 44100
    bit_depth: ~
    channels: 2
    channel_mask: 3
    tags:
      Id3v2:
        AlbumTitle: Double Digit Album
        RecordingDate: "2024"
        TrackArtist: Rename Artist
        TrackNumber: "8"
        TrackTitle: Track Eight
    pictures:
      - picture_type: CoverFront
        mime_type: Png
        description: ~
        size: 849
        sha256: c73b57d8ad7de5ea9911190a5a1bcebe9b43b6250166b91b12f5c3ee969ba588
- directory: "Rename Artist - Double Digit Album [2024] [WEB 320]"
  filename: 09 Track Nine.mp3
  size: 2604847
  sha256: 4d1c0190abc23f7edf6ee4119e2cd22a7800cc5c035848e16f54a10bf66eb78c
  audio:
    duration_ms: 65045
    overall_bitrate: 320
    audio_bitrate: 320
    sample_rate: 44100
    bit_depth: ~
    channels: 2
    channel_mask: 3
    tags:
      Id3v2:
        AlbumTitle: Double Digit Album
        RecordingDate: "2024"
        TrackArtist: Rename Artist
        TrackNumber: "9"
        TrackTitle: Track Nine
    pictures:
      - picture_type: CoverFront
        mime_type: Png
        description: ~
        size: 849
        sha256: c73b57d8ad7de5ea9911190a5a1bcebe9b43b6250166b91b12f5c3ee969ba588
- directory: "Rename Artist - Double Digit Album [2024] [WEB 320]"
  filename: 10 Track Ten.mp3
  size: 2604847
  sha256: 76788f7787d0e82d06d53f111d22ab551f0c08492a30ccdf2987d8ed38c87628
  audio:
    duration_ms: 65045
    overall_bitrate: 320
    audio_bitrate: 320
    sample_rate: 44100
    bit_depth: ~
    channels: 2
    channel_mask: 3
    tags:
      Id3v2:
        AlbumTitle: Double Digit Album
        RecordingDate: "2024"
        TrackArtist: Rename Artist
        TrackNumber: "10"
        TrackTitle: Track Ten
    pictures:
      - picture_type: CoverFront
        mime_type: Png
        description: ~
        size: 849
        sha256: c73b57d8ad7de5ea9911190a5a1bcebe9b43b6250166b91b12f5c3ee969ba588
- directory: "Rename Artist - Double Digit Album [2024] [WEB 320]"
  filename: cover.png
  size: 849
  sha256: c73b57d8ad7de5ea9911190a5a1bcebe9b43b6250166b91b12f5c3ee969ba588
  image:
    width: 100
    height: 100
    color_type: Rgb8
- directory: "Rename Artist - Double Digit Album [2024] [WEB V0]"
  filename: 01 Track One.mp3
  size: 613370
  sha256: 2e32251b0d950f1342972ed8b8dfff60e57c48e5ffc74c03fca252d47b42caf7
  audio:
    duration_ms: 65045
    overall_bitrate: 75
    audio_bitrate: 75
    sample_rate: 44100
    bit_depth: ~
    channels: 2
    channel_mask: 3
    tags:
      Id3v2:
        AlbumTitle: Double Digit Album
        RecordingDate: "2024"
        TrackArtist: Rename Artist
        TrackNumber: "1"
        TrackTitle: Track One
    pictures:
      - picture_type: CoverFront
        mime_type: Png
        description: ~
        size: 849
        sha256: c73b57d8ad7de5ea9911190a5a1bcebe9b43b6250166b91b12f5c3ee969ba588
- directory: "Rename Artist - Double Digit Album [2024] [WEB V0]"
  filename: 02 Track Two.mp3
  size: 693392
  sha256: 7928bac63d1b8afdc8bad9f539bd245d8789e211c1202777aa54c91b527690e7
  audio:
    duration_ms: 65045
    overall_bitrate: 85
    audio_bitrate: 85
    sample_rate: 44100
    bit_depth: ~
    channels: 2
    channel_mask: 3
    tags:
      Id3v2:
        AlbumTitle: Double Digit Album
        RecordingDate: "2024"
        TrackArtist: Rename Artist
        TrackNumber: "2"
        TrackTitle: Track Two
    pictures:
      - picture_type: CoverFront
        mime_type: Png
        description: ~
        size: 849
        sha256: c73b57d8ad7de5ea9911190a5a1bcebe9b43b6250166b91b12f5c3ee969ba588
- directory: "Rename Artist - Double Digit Album [2024] [WEB V0]"
  filename: 03 Track Three.mp3
  size: 827687
  sha256: 5f671b3e554f3118f6202af05d603fc7f915cf78022ecf9513d3399ca7a96e7b
  audio:
    duration_ms: 65045
    overall_bitrate: 101
    audio_bitrate: 101
    sample_rate: 44100
    bit_depth: ~
    channels: 2
    channel_mask: 3
    tags:
      Id3v2:
        AlbumTitle: Double Digit Album
        RecordingDate: "2024"
        TrackArtist: Rename Artist
        TrackNumber: "3"
        TrackTitle: Track Three
    pictures:
      - picture_type: CoverFront
        mime_type: Png
        description: ~
        size: 849
        sha256: c73b57d8ad7de5ea9911190a5a1bcebe9b43b6250166b91b12f5c3ee969ba588
- directory: "Rename Artist - Double Digit Album [2024] [WEB V0]"
  filename: 04 Track Four.mp3
  size: 813959
  sha256: a21f0b6a4e2b94dc2400e061241b2baa24cd5d650208187cc5c68e8b009ca41e
  audio:
    duration_ms: 65045
    overall_bitrate: 100
    audio_bitrate: 99
    sample_rate: 44100
    bit_depth: ~
    channels: 2
    channel_mask: 3
    tags:
      Id3v2:
        AlbumTitle: Double Digit Album
        RecordingDate: "2024"
        TrackArtist: Rename Artist
        TrackNumber: "4"
        TrackTitle: Track Four
    pictures:
      - picture_type: CoverFront
        mime_type: Png
        description: ~
        size: 849
        sha256: c73b57d8ad7de5ea9911190a5a1bcebe9b43b6250166b91b12f5c3ee969ba588
- directory: "Rename Artist - Double Digit Album [2024] [WEB V0]"
  filename: 05 Track Five.mp3
  size: 729875
  sha256: c5797df2f3dd8ca474bb5f9521448de56ab03c7b7d631ecc5fb42199195e178a
  audio:
    duration_ms: 65045
    overall_bitrate: 89
    audio_bitrate: 89
    sample_rate: 44100
    bit_depth: ~
    channels: 2
    channel_mask: 3
    tags:
      Id3v2:
        AlbumTitle: Double Digit Album
        RecordingDate: "2024"
        TrackArtist: Rename Artist
        TrackNumber: "5"
        TrackTitle: Track Five
    pictures:
      - picture_type: CoverFront
        mime_type: Png
        description: ~
        size: 849
        sha256: c73b57d8ad7de5ea9911190a5a1bcebe9b43b6250166b91b12f5c3ee969ba588
- directory: "Rename Artist - Double Digit Album [2024] [WEB V0]"
  filename: 06 Track Six.mp3
  size: 827218
  sha256: 0a67351fd6d5d14229793819cb9d2d353fd6c7c8aa67908f6730b51d5b8aeb35
  audio:
    duration_ms: 65045
    overall_bitrate: 101
    audio_bitrate: 101
    sample_rate: 44100
    bit_depth: ~
    channels: 2
    channel_mask: 3
    tags:
      Id3v2:
        AlbumTitle: Double Digit Album
        RecordingDate: "2024"
        TrackArtist: Rename Artist
        TrackNumber: "6"
        TrackTitle: Track Six
    pictures:
      - picture_type: CoverFront
        mime_type: Png
        description: ~
        size: 849
        sha256: c73b57d8ad7de5ea9911190a5a1bcebe9b43b6250166b91b12f5c3ee969ba588
- directory: "Rename Artist - Double Digit Album [2024] [WEB V0]"
  filename: 07 Track Seven.mp3
  size: 847578
  sha256: 0915527c021354af65e81d332b544eaef159f01184c64d3b5b675e29440cc72e
  audio:
    duration_ms: 65045
    overall_bitrate: 104
    audio_bitrate: 103
    sample_rate: 44100
    bit_depth: ~
    channels: 2
    channel_mask: 3
    tags:
      Id3v2:
        AlbumTitle: Double Digit Album
        RecordingDate: "2024"
        TrackArtist: Rename Artist
        TrackNumber: "7"
        TrackTitle: Track Seven
    pictures:
      - picture_type: CoverFront
        mime_type: Png
        description: ~
        size: 849
        sha256: c73b57d8ad7de5ea9911190a5a1bcebe9b43b6250166b91b12f5c3ee969ba588
- directory: "Rename Artist - Double Digit Album [2024] [WEB V0]"
  filename: 08 Track Eight.mp3
  size: 683223
  sha256: d92f941fb42eb88f37c9c9da94dd759913e262d81ea83c2848536befe4bec528
  audio:
    duration_ms: 65045
    overall_bitrate: 84
    audio_bitrate: 83
    sample_rate: 44100
    bit_depth: ~
    channels: 2
    channel_mask: 3
    tags:
      Id3v2:
        AlbumTitle: Double Digit Album
        RecordingDate: "2024"
        TrackArtist: Rename Artist
        TrackNumber: "8"
        TrackTitle: Track Eight
    pictures:
      - picture_type: CoverFront
        mime_type: Png
        description: ~
        size: 849
        sha256: c73b57d8ad7de5ea9911190a5a1bcebe9b43b6250166b91b12f5c3ee969ba588
- directory: "Rename Artist - Double Digit Album [2024] [WEB V0]"
  filename: 09 Track Nine.mp3
  size: 830859
  sha256: 38211ce120bdcb826e9870076e78a013bdb4fe1d2104207344c5d5c424cc2121
  audio:
    duration_ms: 65045
    overall_bitrate: 102
    audio_bitrate: 101
    sample_rate: 44100
    bit_depth: ~
    channels: 2
    channel_mask: 3
    tags:
      Id3v2:
        AlbumTitle: Double Digit Album
        RecordingDate: "2024"
        TrackArtist: Rename Artist
        TrackNumber: "9"
        TrackTitle: Track Nine
    pictures:
      - picture_type: CoverFront
        mime_type: Png
        description: ~
        size: 849
        sha256: c73b57d8ad7de5ea9911190a5a1bcebe9b43b6250166b91b12f5c3ee969ba588
- directory: "Rename Artist - Double Digit Album [2024] [WEB V0]"
  filename: 10 Track Ten.mp3
  size: 824124
  sha256: 136ab8863c4439297a813167a2e7fd35fefb7158571e3b1694e89b7a4b12a103
  audio:
    duration_ms: 65045
    overall_bitrate: 101
    audio_bitrate: 101
    sample_rate: 44100
    bit_depth: ~
    channels: 2
    channel_mask: 3
    tags:
      Id3v2:
        AlbumTitle: Double Digit Album
        RecordingDate: "2024"
        TrackArtist: Rename Artist
        TrackNumber: "10"
        TrackTitle: Track Ten
    pictures:
      - picture_type: CoverFront
        mime_type: Png
        description: ~
        size: 849
        sha256: c73b57d8ad7de5ea9911190a5a1bcebe9b43b6250166b91b12f5c3ee969ba588
- directory: "Rename Artist - Double Digit Album [2024] [WEB V0]"
  filename: cover.png
  size: 849
  sha256: c73b57d8ad7de5ea9911190a5a1bcebe9b43b6250166b91b12f5c3ee969ba588
  image:
    width: 100
    height: 100
    color_type: Rgb8
