---
source: crates/core/src/commands/transcode/tests/rename_tracks_tests.rs
expression: snapshot
---
- directory: "Rename Artist - Multi Disc Album [2024] [WEB 320]"
  filename: cover.png
  size: 849
  sha256: c73b57d8ad7de5ea9911190a5a1bcebe9b43b6250166b91b12f5c3ee969ba588
  image:
    width: 100
    height: 100
    color_type: Rgb8
- directory: "Rename Artist - Multi Disc Album [2024] [WEB 320]/CD1"
  filename: 1 First Track.mp3
  size: 2604858
  sha256: e5cb104592387958856310895abc1ab43bbfe0e1bed2f81f622c5c09fcbf17c4
  audio:
    duration_ms: 65045
    overall_bitrate: 320
    audio_bitrate: 320
    sample_rate: 44100
    bit_depth: ~
    channels: 2
    channel_mask: 3
    tags:
      Id3v2:
        AlbumTitle: Multi Disc Album
        DiscNumber: "1"
        RecordingDate: "2024"
        TrackArtist: Rename Artist
        TrackNumber: "1"
        TrackTitle: First Track
    pictures:
      - picture_type: CoverFront
        mime_type: Png
        description: ~
        size: 849
        sha256: c73b57d8ad7de5ea9911190a5a1bcebe9b43b6250166b91b12f5c3ee969ba588
- directory: "Rename Artist - Multi Disc Album [2024] [WEB 320]/CD1"
  filename: 2 Second Track.mp3
  size: 2604859
  sha256: 1a6afc1186d34b5654f2dd941f1a7020fc777e24cd6a2a549c6f0ea32c01c06f
  audio:
    duration_ms: 65045
    overall_bitrate: 320
    audio_bitrate: 320
    sample_rate: 44100
    bit_depth: ~
    channels: 2
    channel_mask: 3
    tags:
      Id3v2:
        AlbumTitle: Multi Disc Album
        DiscNumber: "1"
        RecordingDate: "2024"
        TrackArtist: Rename Artist
        TrackNumber: "2"
        TrackTitle: Second Track
    pictures:
      - picture_type: CoverFront
        mime_type: Png
        description: ~
        size: 849
        sha256: c73b57d8ad7de5ea9911190a5a1bcebe9b43b6250166b91b12f5c3ee969ba588
- directory: "Rename Artist - Multi Disc Album [2024] [WEB 320]/CD2"
  filename: 1 Third Track.mp3
  size: 2604858
  sha256: ca04fdd5737e7d18e278c5de70ae1d2e4008cb4aa49d1cbdda2fe54f94a9157c
  audio:
    duration_ms: 65045
    overall_bitrate: 320
    audio_bitrate: 320
    sample_rate: 44100
    bit_depth: ~
    channels: 2
    channel_mask: 3
    tags:
      Id3v2:
        AlbumTitle: Multi Disc Album
        DiscNumber: "2"
        RecordingDate: "2024"
        TrackArtist: Rename Artist
        TrackNumber: "1"
        TrackTitle: Third Track
    pictures:
      - picture_type: CoverFront
        mime_type: Png
        description: ~
        size: 849
        sha256: c73b57d8ad7de5ea9911190a5a1bcebe9b43b6250166b91b12f5c3ee969ba588
- directory: "Rename Artist - Multi Disc Album [2024] [WEB 320]/CD2"
  filename: 2 Fourth Track.mp3
  size: 2604859
  sha256: 04f3aa82398ef6f42631009c1b2d39cf1af8f3f85278cd3326ae979ea5f01a86
  audio:
    duration_ms: 65045
    overall_bitrate: 320
    audio_bitrate: 320
    sample_rate: 44100
    bit_depth: ~
    channels: 2
    channel_mask: 3
    tags:
      Id3v2:
        AlbumTitle: Multi Disc Album
        DiscNumber: "2"
        RecordingDate: "2024"
        TrackArtist: Rename Artist
        TrackNumber: "2"
        TrackTitle: Fourth Track
    pictures:
      - picture_type: CoverFront
        mime_type: Png
        description: ~
        size: 849
        sha256: c73b57d8ad7de5ea9911190a5a1bcebe9b43b6250166b91b12f5c3ee969ba588
- directory: "Rename Artist - Multi Disc Album [2024] [WEB V0]"
  filename: cover.png
  size: 849
  sha256: c73b57d8ad7de5ea9911190a5a1bcebe9b43b6250166b91b12f5c3ee969ba588
  image:
    width: 100
    height: 100
    color_type: Rgb8
- directory: "Rename Artist - Multi Disc Album [2024] [WEB V0]/CD1"
  filename: 1 First Track.mp3
  size: 786228
  sha256: 47397e6ba52888988ec77923e7e8175e04abecc90f6e192bc1d5f66ace4fc550
  audio:
    duration_ms: 65045
    overall_bitrate: 96
    audio_bitrate: 96
    sample_rate: 44100
    bit_depth: ~
    channels: 2
    channel_mask: 3
    tags:
      Id3v2:
        AlbumTitle: Multi Disc Album
        DiscNumber: "1"
        RecordingDate: "2024"
        TrackArtist: Rename Artist
        TrackNumber: "1"
        TrackTitle: First Track
    pictures:
      - picture_type: CoverFront
        mime_type: Png
        description: ~
        size: 849
        sha256: c73b57d8ad7de5ea9911190a5a1bcebe9b43b6250166b91b12f5c3ee969ba588
- directory: "Rename Artist - Multi Disc Album [2024] [WEB V0]/CD1"
  filename: 2 Second Track.mp3
  size: 764882
  sha256: f2a46d2c8c84d104f4d787b585cde1e2477f4fc5cd4fa3580b444d4ca6dc49b6
  audio:
    duration_ms: 65045
    overall_bitrate: 94
    audio_bitrate: 93
    sample_rate: 44100
    bit_depth: ~
    channels: 2
    channel_mask: 3
    tags:
      Id3v2:
        AlbumTitle: Multi Disc Album
        DiscNumber: "1"
        RecordingDate: "2024"
        TrackArtist: Rename Artist
        TrackNumber: "2"
        TrackTitle: Second Track
    pictures:
      - picture_type: CoverFront
        mime_type: Png
        description: ~
        size: 849
        sha256: c73b57d8ad7de5ea9911190a5a1bcebe9b43b6250166b91b12f5c3ee969ba588
- directory: "Rename Artist - Multi Disc Album [2024] [WEB V0]/CD2"
  filename: 1 Third Track.mp3
  size: 784901
  sha256: c2df253c5c20e7a2d759205b3d7bacfdecf722c862090340ee77071472a19ef7
  audio:
    duration_ms: 65045
    overall_bitrate: 96
    audio_bitrate: 96
    sample_rate: 44100
    bit_depth: ~
    channels: 2
    channel_mask: 3
    tags:
      Id3v2:
        AlbumTitle: Multi Disc Album
        DiscNumber: "2"
        RecordingDate: "2024"
        TrackArtist: Rename Artist
        TrackNumber: "1"
        TrackTitle: Third Track
    pictures:
      - picture_type: CoverFront
        mime_type: Png
        description: ~
        size: 849
        sha256: c73b57d8ad7de5ea9911190a5a1bcebe9b43b6250166b91b12f5c3ee969ba588
- directory: "Rename Artist - Multi Disc Album [2024] [WEB V0]/CD2"
  filename: 2 Fourth Track.mp3
  size: 755730
  sha256: 2f6f8d009717d9b831a4315c17c84ea6b7284952f213abfdd5731e079a3f8860
  audio:
    duration_ms: 65045
    overall_bitrate: 92
    audio_bitrate: 92
    sample_rate: 44100
    bit_depth: ~
    channels: 2
    channel_mask: 3
    tags:
      Id3v2:
        AlbumTitle: Multi Disc Album
        DiscNumber: "2"
        RecordingDate: "2024"
        TrackArtist: Rename Artist
        TrackNumber: "2"
        TrackTitle: Fourth Track
    pictures:
      - picture_type: CoverFront
        mime_type: Png
        description: ~
        size: 849
        sha256: c73b57d8ad7de5ea9911190a5a1bcebe9b43b6250166b91b12f5c3ee969ba588
