---
source: crates/core/src/commands/transcode/tests/rename_tracks_tests.rs
expression: snapshot
---
- directory: "Rename Artist - Of Total Album [2024] [WEB 320]"
  filename: 1 First Track.mp3
  size: 2604846
  sha256: 36c51aa6cb6155c228611447d658f108fb36c0f7d0ca34d5d77f24872a84c8a6
  audio:
    duration_ms: 65045
    overall_bitrate: 320
    audio_bitrate: 320
    sample_rate: 44100
    bit_depth: ~
    channels: 2
    channel_mask: 3
    tags:
      Id3v2:
        AlbumTitle: Of Total Album
        RecordingDate: "2024"
        TrackArtist: Rename Artist
        TrackNumber: "1"
        TrackTitle: First Track
        TrackTotal: "4"
    pictures:
      - picture_type: CoverFront
        mime_type: Png
        description: ~
        size: 849
        sha256: c73b57d8ad7de5ea9911190a5a1bcebe9b43b6250166b91b12f5c3ee969ba588
- directory: "Rename Artist - Of Total Album [2024] [WEB 320]"
  filename: 2 Second Track.mp3
  size: 2604847
  sha256: 76faf94a75e35974b2594c83e8f3cc9311c209f2e020fd295a5ae9d53ed88bcc
  audio:
    duration_ms: 65045
    overall_bitrate: 320
    audio_bitrate: 320
    sample_rate: 44100
    bit_depth: ~
    channels: 2
    channel_mask: 3
    tags:
      Id3v2:
        AlbumTitle: Of Total Album
        RecordingDate: "2024"
        TrackArtist: Rename Artist
        TrackNumber: "2"
        TrackTitle: Second Track
        TrackTotal: "4"
    pictures:
      - picture_type: CoverFront
        mime_type: Png
        description: ~
        size: 849
        sha256: c73b57d8ad7de5ea9911190a5a1bcebe9b43b6250166b91b12f5c3ee969ba588
- directory: "Rename Artist - Of Total Album [2024] [WEB 320]"
  filename: 3 Third Track.mp3
  size: 2604846
  sha256: 9822c7d26b4d26d43605a847ba364646a9f010f59fa6d632b15485f787b28ba2
  audio:
    duration_ms: 65045
    overall_bitrate: 320
    audio_bitrate: 320
    sample_rate: 44100
    bit_depth: ~
    channels: 2
    channel_mask: 3
    tags:
      Id3v2:
        AlbumTitle: Of Total Album
        RecordingDate: "2024"
        TrackArtist: Rename Artist
        TrackNumber: "3"
        TrackTitle: Third Track
        TrackTotal: "4"
    pictures:
      - picture_type: CoverFront
        mime_type: Png
        description: ~
        size: 849
        sha256: c73b57d8ad7de5ea9911190a5a1bcebe9b43b6250166b91b12f5c3ee969ba588
- directory: "Rename Artist - Of Total Album [2024] [WEB 320]"
  filename: 4 Fourth Track.mp3
  size: 2604847
  sha256: 35695c133db9426b55c0c5f25c602b6c83d45c451daea1e0ff0185d7e2db5772
  audio:
    duration_ms: 65045
    overall_bitrate: 320
    audio_bitrate: 320
    sample_rate: 44100
    bit_depth: ~
    channels: 2
    channel_mask: 3
    tags:
      Id3v2:
        AlbumTitle: Of Total Album
        RecordingDate: "2024"
        TrackArtist: Rename Artist
        TrackNumber: "4"
        TrackTitle: Fourth Track
        TrackTotal: "4"
    pictures:
      - picture_type: CoverFront
        mime_type: Png
        description: ~
        size: 849
        sha256: c73b57d8ad7de5ea9911190a5a1bcebe9b43b6250166b91b12f5c3ee969ba588
- directory: "Rename Artist - Of Total Album [2024] [WEB 320]"
  filename: cover.png
  size: 849
  sha256: c73b57d8ad7de5ea9911190a5a1bcebe9b43b6250166b91b12f5c3ee969ba588
  image:
    width: 100
    height: 100
    color_type: Rgb8
- directory: "Rename Artist - Of Total Album [2024] [WEB V0]"
  filename: 1 First Track.mp3
  size: 786216
  sha256: 02a959972779120fed1e159a3cc4c95ae5fd2b93a789ff39d7a411baed84471f
  audio:
    duration_ms: 65045
    overall_bitrate: 96
    audio_bitrate: 96
    sample_rate: 44100
    bit_depth: ~
    channels: 2
    channel_mask: 3
    tags:
      Id3v2:
        AlbumTitle: Of Total Album
        RecordingDate: "2024"
        TrackArtist: Rename Artist
        TrackNumber: "1"
        TrackTitle: First Track
        TrackTotal: "4"
    pictures:
      - picture_type: CoverFront
        mime_type: Png
        description: ~
        size: 849
        sha256: c73b57d8ad7de5ea9911190a5a1bcebe9b43b6250166b91b12f5c3ee969ba588
- directory: "Rename Artist - Of Total Album [2024] [WEB V0]"
  filename: 2 Second Track.mp3
  size: 764870
  sha256: bbd1546cf930a53d6d47e28e894e8f45a3ebc3216713baa38bfc0900f2ed139d
  audio:
    duration_ms: 65045
    overall_bitrate: 94
    audio_bitrate: 93
    sample_rate: 44100
    bit_depth: ~
    channels: 2
    channel_mask: 3
    tags:
      Id3v2:
        AlbumTitle: Of Total Album
        RecordingDate: "2024"
        TrackArtist: Rename Artist
        TrackNumber: "2"
        TrackTitle: Second Track
        TrackTotal: "4"
    pictures:
      - picture_type: CoverFront
        mime_type: Png
        description: ~
        size: 849
        sha256: c73b57d8ad7de5ea9911190a5a1bcebe9b43b6250166b91b12f5c3ee969ba588
- directory: "Rename Artist - Of Total Album [2024] [WEB V0]"
  filename: 3 Third Track.mp3
  size: 784889
  sha256: d562613d12ff6005c8fca40ae7bfad966df3020d92cc083556c0e3f1d1e326cc
  audio:
    duration_ms: 65045
    overall_bitrate: 96
    audio_bitrate: 96
    sample_rate: 44100
    bit_depth: ~
    channels: 2
    channel_mask: 3
    tags:
      Id3v2:
        AlbumTitle: Of Total Album
        RecordingDate: "2024"
        TrackArtist: Rename Artist
        TrackNumber: "3"
        TrackTitle: Third Track
        TrackTotal: "4"
    pictures:
      - picture_type: CoverFront
        mime_type: Png
        description: ~
        size: 849
        sha256: c73b57d8ad7de5ea9911190a5a1bcebe9b43b6250166b91b12f5c3ee969ba588
- directory: "Rename Artist - Of Total Album [2024] [WEB V0]"
  filename: 4 Fourth Track.mp3
  size: 755718
  sha256: 1d87e30dc1fee4cb9f633b3a8ce476407b09af234dc4e9f46b3d9d9825bf71ab
  audio:
    duration_ms: 65045
    overall_bitrate: 92
    audio_bitrate: 92
    sample_rate: 44100
    bit_depth: ~
    channels: 2
    channel_mask: 3
    tags:
      Id3v2:
        AlbumTitle: Of Total Album
        RecordingDate: "2024"
        TrackArtist: Rename Artist
        TrackNumber: "4"
        TrackTitle: Fourth Track
        TrackTotal: "4"
    pictures:
      - picture_type: CoverFront
        mime_type: Png
        description: ~
        size: 849
        sha256: c73b57d8ad7de5ea9911190a5a1bcebe9b43b6250166b91b12f5c3ee969ba588
- directory: "Rename Artist - Of Total Album [2024] [WEB V0]"
  filename: cover.png
  size: 849
  sha256: c73b57d8ad7de5ea9911190a5a1bcebe9b43b6250166b91b12f5c3ee969ba588
  image:
    width: 100
    height: 100
    color_type: Rgb8
