---
source: crates/core/src/commands/transcode/tests/rename_tracks_tests.rs
expression: snapshot
---
- directory: "Rename Artist - Single Disc Album [2024] [WEB 320]"
  filename: 1 Track One.mp3
  size: 2604845
  sha256: fc218c4a470c22113082fcdc3dd457793dac35ba06c88af09cc81ac4d25e043c
  audio:
    duration_ms: 65045
    overall_bitrate: 320
    audio_bitrate: 320
    sample_rate: 44100
    bit_depth: ~
    channels: 2
    channel_mask: 3
    tags:
      Id3v2:
        AlbumTitle: Single Disc Album
        RecordingDate: "2024"
        TrackArtist: Rename Artist
        TrackNumber: "1"
        TrackTitle: Track One
    pictures:
      - picture_type: CoverFront
        mime_type: Png
        description: ~
        size: 849
        sha256: c73b57d8ad7de5ea9911190a5a1bcebe9b43b6250166b91b12f5c3ee969ba588
- directory: "Rename Artist - Single Disc Album [2024] [WEB 320]"
  filename: 2 Track Two.mp3
  size: 2604845
  sha256: 20b41ce860a369a704e48f1b7788e7dadc7f5c9e48f92cf0fcdef4c8e5c3d569
  audio:
    duration_ms: 65045
    overall_bitrate: 320
    audio_bitrate: 320
    sample_rate: 44100
    bit_depth: ~
    channels: 2
    channel_mask: 3
    tags:
      Id3v2:
        AlbumTitle: Single Disc Album
        RecordingDate: "2024"
        TrackArtist: Rename Artist
        TrackNumber: "2"
        TrackTitle: Track Two
    pictures:
      - picture_type: CoverFront
        mime_type: Png
        description: ~
        size: 849
        sha256: c73b57d8ad7de5ea9911190a5a1bcebe9b43b6250166b91b12f5c3ee969ba588
- directory: "Rename Artist - Single Disc Album [2024] [WEB 320]"
  filename: cover.png
  size: 849
  sha256: c73b57d8ad7de5ea9911190a5a1bcebe9b43b6250166b91b12f5c3ee969ba588
  image:
    width: 100
    height: 100
    color_type: Rgb8
- directory: "Rename Artist - Single Disc Album [2024] [WEB V0]"
  filename: 1 Track One.mp3
  size: 786188
  sha256: 506f81f8272ba1b2d689128bd304145bbe6ff982c43b3204ed4757e3c0d127e6
  audio:
    duration_ms: 65045
    overall_bitrate: 96
    audio_bitrate: 96
    sample_rate: 44100
    bit_depth: ~
    channels: 2
    channel_mask: 3
    tags:
      Id3v2:
        AlbumTitle: Single Disc Album
        RecordingDate: "2024"
        TrackArtist: Rename Artist
        TrackNumber: "1"
        TrackTitle: Track One
    pictures:
      - picture_type: CoverFront
        mime_type: Png
        description: ~
        size: 849
        sha256: c73b57d8ad7de5ea9911190a5a1bcebe9b43b6250166b91b12f5c3ee969ba588
- directory: "Rename Artist - Single Disc Album [2024] [WEB V0]"
  filename: 2 Track Two.mp3
  size: 737309
  sha256: 9ece3191c785b74ba6a1afeee71ec32b1de5f3a1968c07ab5d76ec540cb528c4
  audio:
    duration_ms: 65045
    overall_bitrate: 90
    audio_bitrate: 90
    sample_rate: 44100
    bit_depth: ~
    channels: 2
    channel_mask: 3
    tags:
      Id3v2:
        AlbumTitle: Single Disc Album
        RecordingDate: "2024"
        TrackArtist: Rename Artist
        TrackNumber: "2"
        TrackTitle: Track Two
    pictures:
      - picture_type: CoverFront
        mime_type: Png
        description: ~
        size: 849
        sha256: c73b57d8ad7de5ea9911190a5a1bcebe9b43b6250166b91b12f5c3ee969ba588
- directory: "Rename Artist - Single Disc Album [2024] [WEB V0]"
  filename: cover.png
  size: 849
  sha256: c73b57d8ad7de5ea9911190a5a1bcebe9b43b6250166b91b12f5c3ee969ba588
  image:
    width: 100
    height: 100
    color_type: Rgb8
