---
source: crates/core/src/commands/transcode/tests/rename_tracks_tests.rs
expression: snapshot
---
- directory: "Rename Artist - Multi Disc Album Flat [2024] [WEB 320]"
  filename: cover.png
  size: 849
  sha256: c73b57d8ad7de5ea9911190a5a1bcebe9b43b6250166b91b12f5c3ee969ba588
  image:
    width: 100
    height: 100
    color_type: Rgb8
- directory: "Rename Artist - Multi Disc Album Flat [2024] [WEB 320]/CD1"
  filename: 1 First Track.mp3
  size: 2604863
  sha256: 57cc59c024a07a18ae83e70b303f5c2add1446c7fa152069915c6ddd4ed76507
  audio:
    duration_ms: 65045
    overall_bitrate: 320
    audio_bitrate: 320
    sample_rate: 44100
    bit_depth: ~
    channels: 2
    channel_mask: 3
    tags:
      Id3v2:
        AlbumTitle: Multi Disc Album Flat
        DiscNumber: "1"
        RecordingDate: "2024"
        TrackArtist: Rename Artist
        TrackNumber: "1"
        TrackTitle: First Track
    pictures:
      - picture_type: CoverFront
        mime_type: Png
        description: ~
        size: 849
        sha256: c73b57d8ad7de5ea9911190a5a1bcebe9b43b6250166b91b12f5c3ee969ba588
- directory: "Rename Artist - Multi Disc Album Flat [2024] [WEB 320]/CD1"
  filename: 2 Second Track.mp3
  size: 2604864
  sha256: 270da51d09f33dfe6f2b6b4c208eef673f338993de8bbf37ab8da473fd1da4eb
  audio:
    duration_ms: 65045
    overall_bitrate: 320
    audio_bitrate: 320
    sample_rate: 44100
    bit_depth: ~
    channels: 2
    channel_mask: 3
    tags:
      Id3v2:
        AlbumTitle: Multi Disc Album Flat
        DiscNumber: "1"
        RecordingDate: "2024"
        TrackArtist: Rename Artist
        TrackNumber: "2"
        TrackTitle: Second Track
    pictures:
      - picture_type: CoverFront
        mime_type: Png
        description: ~
        size: 849
        sha256: c73b57d8ad7de5ea9911190a5a1bcebe9b43b6250166b91b12f5c3ee969ba588
- directory: "Rename Artist - Multi Disc Album Flat [2024] [WEB 320]/CD2"
  filename: 1 Third Track.mp3
  size: 2604863
  sha256: 812b9b7a57e3347966b40d2d5fb158bd70c80787fc3946caeb6fce776fae71da
  audio:
    duration_ms: 65045
    overall_bitrate: 320
    audio_bitrate: 320
    sample_rate: 44100
    bit_depth: ~
    channels: 2
    channel_mask: 3
    tags:
      Id3v2:
        AlbumTitle: Multi Disc Album Flat
        DiscNumber: "2"
        RecordingDate: "2024"
        TrackArtist: Rename Artist
        TrackNumber: "1"
        TrackTitle: Third Track
    pictures:
      - picture_type: CoverFront
        mime_type: Png
        description: ~
        size: 849
        sha256: c73b57d8ad7de5ea9911190a5a1bcebe9b43b6250166b91b12f5c3ee969ba588
- directory: "Rename Artist - Multi Disc Album Flat [2024] [WEB 320]/CD2"
  filename: 2 Fourth Track.mp3
  size: 2604864
  sha256: 480ef18f170465500c7e68819bf7715b7c77a1630e3f52589db20a767c23eafc
  audio:
    duration_ms: 65045
    overall_bitrate: 320
    audio_bitrate: 320
    sample_rate: 44100
    bit_depth: ~
    channels: 2
    channel_mask: 3
    tags:
      Id3v2:
        AlbumTitle: Multi Disc Album Flat
        DiscNumber: "2"
        RecordingDate: "2024"
        TrackArtist: Rename Artist
        TrackNumber: "2"
        TrackTitle: Fourth Track
    pictures:
      - picture_type: CoverFront
        mime_type: Png
        description: ~
        size: 849
        sha256: c73b57d8ad7de5ea9911190a5a1bcebe9b43b6250166b91b12f5c3ee969ba588
- directory: "Rename Artist - Multi Disc Album Flat [2024] [WEB V0]"
  filename: cover.png
  size: 849
  sha256: c73b57d8ad7de5ea9911190a5a1bcebe9b43b6250166b91b12f5c3ee969ba588
  image:
    width: 100
    height: 100
    color_type: Rgb8
- directory: "Rename Artist - Multi Disc Album Flat [2024] [WEB V0]/CD1"
  filename: 1 First Track.mp3
  size: 786206
  sha256: 0d5ea530c9270659603f2a5c00a1deb73416c0784a9525af5feab0511b399f96
  audio:
    duration_ms: 65045
    overall_bitrate: 96
    audio_bitrate: 96
    sample_rate: 44100
    bit_depth: ~
    channels: 2
    channel_mask: 3
    tags:
      Id3v2:
        AlbumTitle: Multi Disc Album Flat
        DiscNumber: "1"
        RecordingDate: "2024"
        TrackArtist: Rename Artist
        TrackNumber: "1"
        TrackTitle: First Track
    pictures:
      - picture_type: CoverFront
        mime_type: Png
        description: ~
        size: 849
        sha256: c73b57d8ad7de5ea9911190a5a1bcebe9b43b6250166b91b12f5c3ee969ba588
- directory: "Rename Artist - Multi Disc Album Flat [2024] [WEB V0]/CD1"
  filename: 2 Second Track.mp3
  size: 764887
  sha256: de543e9c53baf1b5163764f595d4a13a1f5cf78a1ece3be01d6a51e463901637
  audio:
    duration_ms: 65045
    overall_bitrate: 94
    audio_bitrate: 93
    sample_rate: 44100
    bit_depth: ~
    channels: 2
    channel_mask: 3
    tags:
      Id3v2:
        AlbumTitle: Multi Disc Album Flat
        DiscNumber: "1"
        RecordingDate: "2024"
        TrackArtist: Rename Artist
        TrackNumber: "2"
        TrackTitle: Second Track
    pictures:
      - picture_type: CoverFront
        mime_type: Png
        description: ~
        size: 849
        sha256: c73b57d8ad7de5ea9911190a5a1bcebe9b43b6250166b91b12f5c3ee969ba588
- directory: "Rename Artist - Multi Disc Album Flat [2024] [WEB V0]/CD2"
  filename: 1 Third Track.mp3
  size: 784933
  sha256: 2ea840588fe922753223155fc1bbb1ad8e37754f28515ed492476a87454cc2fe
  audio:
    duration_ms: 65045
    overall_bitrate: 96
    audio_bitrate: 96
    sample_rate: 44100
    bit_depth: ~
    channels: 2
    channel_mask: 3
    tags:
      Id3v2:
        AlbumTitle: Multi Disc Album Flat
        DiscNumber: "2"
        RecordingDate: "2024"
        TrackArtist: Rename Artist
        TrackNumber: "1"
        TrackTitle: Third Track
    pictures:
      - picture_type: CoverFront
        mime_type: Png
        description: ~
        size: 849
        sha256: c73b57d8ad7de5ea9911190a5a1bcebe9b43b6250166b91b12f5c3ee969ba588
- directory: "Rename Artist - Multi Disc Album Flat [2024] [WEB V0]/CD2"
  filename: 2 Fourth Track.mp3
  size: 755710
  sha256: 12e81ec41c2af9576b839c3b1dc4b5dd104af758895054e083ae907b088904e8
  audio:
    duration_ms: 65045
    overall_bitrate: 92
    audio_bitrate: 92
    sample_rate: 44100
    bit_depth: ~
    channels: 2
    channel_mask: 3
    tags:
      Id3v2:
        AlbumTitle: Multi Disc Album Flat
        DiscNumber: "2"
        RecordingDate: "2024"
        TrackArtist: Rename Artist
        TrackNumber: "2"
        TrackTitle: Fourth Track
    pictures:
      - picture_type: CoverFront
        mime_type: Png
        description: ~
        size: 849
        sha256: c73b57d8ad7de5ea9911190a5a1bcebe9b43b6250166b91b12f5c3ee969ba588
