---
source: crates/core/src/commands/transcode/tests/rename_tracks_tests.rs
expression: snapshot
---
- directory: "Rename Artist - Double Digit Album [2024] [WEB 320]"
  filename: 01 Track One.mp3
  size: 2604846
  sha256: 7c1bc7cbab6463cacd88b93c60106eaa03e19f3fc8ffa721666f728026fdb264
  audio:
    duration_ms: 65045
    overall_bitrate: 320
    audio_bitrate: 320
    sample_rate: 44100
    bit_depth: ~
    channels: 2
    channel_mask: 3
    tags:
      Id3v2:
        AlbumTitle: Double Digit Album
        RecordingDate: "2024"
        TrackArtist: Rename Artist
        TrackNumber: "1"
        TrackTitle: Track One
    pictures:
      - picture_type: CoverFront
        mime_type: Png
        description: ~
        size: 849
        sha256: c73b57d8ad7de5ea9911190a5a1bcebe9b43b6250166b91b12f5c3ee969ba588
- directory: "Rename Artist - Double Digit Album [2024] [WEB 320]"
  filename: 02 Track Two.mp3
  size: 2604846
  sha256: 85a123b96e2383eca83b94690bb532852a3a31cc7ef7a4f3cb7c36b92672bf0e
  audio:
    duration_ms: 65045
    overall_bitrate: 320
    audio_bitrate: 320
    sample_rate: 44100
    bit_depth: ~
    channels: 2
    channel_mask: 3
    tags:
      Id3v2:
        AlbumTitle: Double Digit Album
        RecordingDate: "2024"
        TrackArtist: Rename Artist
        TrackNumber: "2"
        TrackTitle: Track Two
    pictures:
      - picture_type: CoverFront
        mime_type: Png
        description: ~
        size: 849
        sha256: c73b57d8ad7de5ea9911190a5a1bcebe9b43b6250166b91b12f5c3ee969ba588
- directory: "Rename Artist - Double Digit Album [2024] [WEB 320]"
  filename: 03 Track Three.mp3
  size: 2604848
  sha256: 377a7e97973888442b2d8d8a765f196c03b8cbfe214d047764398800395d5e62
  audio:
    duration_ms: 65045
    overall_bitrate: 320
    audio_bitrate: 320
    sample_rate: 44100
    bit_depth: ~
    channels: 2
    channel_mask: 3
    tags:
      Id3v2:
        AlbumTitle: Double Digit Album
        RecordingDate: "2024"
        TrackArtist: Rename Artist
        TrackNumber: "3"
        TrackTitle: Track Three
    pictures:
      - picture_type: CoverFront
        mime_type: Png
        description: ~
        size: 849
        sha256: c73b57d8ad7de5ea9911190a5a1bcebe9b43b6250166b91b12f5c3ee969ba588
- directory: "Rename Artist - Double Digit Album [2024] [WEB 320]"
  filename: 04 Track Four.mp3
  size: 2604847
  sha256: 325e9425f1ff65e952c5a9063e2e60c6c087540d831400a3127e707806223132
  audio:
    duration_ms: 65045
    overall_bitrate: 320
    audio_bitrate: 320
    sample_rate: 44100
    bit_depth: ~
    channels: 2
    channel_mask: 3
    tags:
      Id3v2:
        AlbumTitle: Double Digit Album
        RecordingDate: "2024"
        TrackArtist: Rename Artist
        TrackNumber: "4"
        TrackTitle: Track Four
    pictures:
      - picture_type: CoverFront
        mime_type: Png
        description: ~
        size: 849
        sha256: c73b57d8ad7de5ea9911190a5a1bcebe9b43b6250166b91b12f5c3ee969ba588
- directory: "Rename Artist - Double Digit Album [2024] [WEB 320]"
  filename: 05 Track Five.mp3
  size: 2604847
  sha256: 7c749f8b21e12808699e7d260f25e95da5a8c785d115e019952d5d828b8c35c5
  audio:
    duration_ms: 65045
    overall_bitrate: 320
    audio_bitrate: 320
    sample_rate: 44100
    bit_depth: ~
    channels: 2
    channel_mask: 3
    tags:
      Id3v2:
        AlbumTitle: Double Digit Album
        RecordingDate: "2024"
        TrackArtist: Rename Artist
        TrackNumber: "5"
        TrackTitle: Track Five
    pictures:
      - picture_type: CoverFront
        mime_type: Png
        description: ~
        size: 849
        sha256: c73b57d8ad7de5ea9911190a5a1bcebe9b43b6250166b91b12f5c3ee969ba588
- directory: "Rename Artist - Double Digit Album [2024] [WEB 320]"
  filename: 06 Track Six.mp3
  size: 2604846
  sha256: b1e8224536f87e1a044a3b0f9fde18bdc5426277b7027b5ebabe9611ce637b2c
  audio:
    duration_ms: 65045
    overall_bitrate: 320
    audio_bitrate: 320
    sample_rate: 44100
    bit_depth: ~
    channels: 2
    channel_mask: 3
    tags:
      Id3v2:
        AlbumTitle: Double Digit Album
        RecordingDate: "2024"
        TrackArtist: Rename Artist
        TrackNumber: "6"
        TrackTitle: Track Six
    pictures:
      - picture_type: CoverFront
        mime_type: Png
        description: ~
        size: 849
        sha256: c73b57d8ad7de5ea9911190a5a1bcebe9b43b6250166b91b12f5c3ee969ba588
- directory: "Rename Artist - Double Digit Album [2024] [WEB 320]"
  filename: 07 Track Seven.mp3
  size: 2604848
  sha256: c3a8df489d81d392653b39bd0baa8f4dec789dc1b24eab8ace4b1300e6193ed3
  audio:
    duration_ms: 65045
    overall_bitrate: 320
    audio_bitrate: 320
    sample_rate: 44100
    bit_depth: ~
    channels: 2
    channel_mask: 3
    tags:
      Id3v2:
        AlbumTitle: Double Digit Album
        RecordingDate: "2024"
        TrackArtist: Rename Artist
        TrackNumber: "7"
        TrackTitle: Track Seven
    pictures:
      - picture_type: CoverFront
        mime_type: Png
        description: ~
        size: 849
        sha256: c73b57d8ad7de5ea9911190a5a1bcebe9b43b6250166b91b12f5c3ee969ba588
- directory: "Rename Artist - Double Digit Album [2024] [WEB 320]"
  filename: 08 Track Eight.mp3
  size: 2604848
  sha256: fddf64a1f40b3194a2ea723408ac439754cf699b74c50673b0aab714b005a984
  audio:
    duration_ms: 65045
    overall_bitrate: 320
    audio_bitrate: 320
    sample_rate: 44100
    bit_depth: ~
    channels: 2
    channel_mask: 3
    tags:
      Id3v2:
        AlbumTitle: Double Digit Album
        RecordingDate: "2024"
        TrackArtist: Rename Artist
        TrackNumber: "8"
        TrackTitle: Track Eight
    pictures:
      - picture_type: CoverFront
        mime_type: Png
        description: ~
        size: 849
        sha256: c73b57d8ad7de5ea9911190a5a1bcebe9b43b6250166b91b12f5c3ee969ba588
- directory: "Rename Artist - Double Digit Album [2024] [WEB 320]"
  filename: 09 Track Nine.mp3
  size: 2604847
  sha256: 9d9adfca59cdf423f9922f17511743f9e214b2f6c7718a086ebc73e0df3487a7
  audio:
    duration_ms: 65045
    overall_bitrate: 320
    audio_bitrate: 320
    sample_rate: 44100
    bit_depth: ~
    channels: 2
    channel_mask: 3
    tags:
      Id3v2:
        AlbumTitle: Double Digit Album
        RecordingDate: "2024"
        TrackArtist: Rename Artist
        TrackNumber: "9"
        TrackTitle: Track Nine
    pictures:
      - picture_type: CoverFront
        mime_type: Png
        description: ~
        size: 849
        sha256: c73b57d8ad7de5ea9911190a5a1bcebe9b43b6250166b91b12f5c3ee969ba588
- directory: "Rename Artist - Double Digit Album [2024] [WEB 320]"
  filename: 10 Track Ten.mp3
  size: 2604847
  sha256: 92811a79954594932e656e2cb887ed5b2a72956e1dd9a79620a63e7a518c4e57
  audio:
    duration_ms: 65045
    overall_bitrate: 320
    audio_bitrate: 320
    sample_rate: 44100
    bit_depth: ~
    channels: 2
    channel_mask: 3
    tags:
      Id3v2:
        AlbumTitle: Double Digit Album
        RecordingDate: "2024"
        TrackArtist: Rename Artist
        TrackNumber: "10"
        TrackTitle: Track Ten
    pictures:
      - picture_type: CoverFront
        mime_type: Png
        description: ~
        size: 849
        sha256: c73b57d8ad7de5ea9911190a5a1bcebe9b43b6250166b91b12f5c3ee969ba588
- directory: "Rename Artist - Double Digit Album [2024] [WEB 320]"
  filename: cover.png
  size: 849
  sha256: c73b57d8ad7de5ea9911190a5a1bcebe9b43b6250166b91b12f5c3ee969ba588
  image:
    width: 100
    height: 100
    color_type: Rgb8
- directory: "Rename Artist - Double Digit Album [2024] [WEB V0]"
  filename: 01 Track One.mp3
  size: 613370
  sha256: 0416d3c1dd081128e49eba6c2455ccb3692e7662dab8d51f16a5b747956da062
  audio:
    duration_ms: 65045
    overall_bitrate: 75
    audio_bitrate: 75
    sample_rate: 44100
    bit_depth: ~
    channels: 2
    channel_mask: 3
    tags:
      Id3v2:
        AlbumTitle: Double Digit Album
        RecordingDate: "2024"
        TrackArtist: Rename Artist
        TrackNumber: "1"
        TrackTitle: Track One
    pictures:
      - picture_type: CoverFront
        mime_type: Png
        description: ~
        size: 849
        sha256: c73b57d8ad7de5ea9911190a5a1bcebe9b43b6250166b91b12f5c3ee969ba588
- directory: "Rename Artist - Double Digit Album [2024] [WEB V0]"
  filename: 02 Track Two.mp3
  size: 693395
  sha256: dffb79e39f3f0c4330cb12c80f3143d22f50d34a52a6f395ae407bb1bf661931
  audio:
    duration_ms: 65045
    overall_bitrate: 85
    audio_bitrate: 85
    sample_rate: 44100
    bit_depth: ~
    channels: 2
    channel_mask: 3
    tags:
      Id3v2:
        AlbumTitle: Double Digit Album
        RecordingDate: "2024"
        TrackArtist: Rename Artist
        TrackNumber: "2"
        TrackTitle: Track Two
    pictures:
      - picture_type: CoverFront
        mime_type: Png
        description: ~
        size: 849
        sha256: c73b57d8ad7de5ea9911190a5a1bcebe9b43b6250166b91b12f5c3ee969ba588
- directory: "Rename Artist - Double Digit Album [2024] [WEB V0]"
  filename: 03 Track Three.mp3
  size: 827687
  sha256: a2b2a6fcb29d829e0c3eab366bbd7d743c470de5deb9182552ccbb7aa9c72dfb
  audio:
    duration_ms: 65045
    overall_bitrate: 101
    audio_bitrate: 101
    sample_rate: 44100
    bit_depth: ~
    channels: 2
    channel_mask: 3
    tags:
      Id3v2:
        AlbumTitle: Double Digit Album
        RecordingDate: "2024"
        TrackArtist: Rename Artist
        TrackNumber: "3"
        TrackTitle: Track Three
    pictures:
      - picture_type: CoverFront
        mime_type: Png
        description: ~
        size: 849
        sha256: c73b57d8ad7de5ea9911190a5a1bcebe9b43b6250166b91b12f5c3ee969ba588
- directory: "Rename Artist - Double Digit Album [2024] [WEB V0]"
  filename: 04 Track Four.mp3
  size: 813933
  sha256: d6f7146904ad8df6f8a6dbbe7a064c6cadab1707ac4dc261220a1ea60da46724
  audio:
    duration_ms: 65045
    overall_bitrate: 100
    audio_bitrate: 99
    sample_rate: 44100
    bit_depth: ~
    channels: 2
    channel_mask: 3
    tags:
      Id3v2:
        AlbumTitle: Double Digit Album
        RecordingDate: "2024"
        TrackArtist: Rename Artist
        TrackNumber: "4"
        TrackTitle: Track Four
    pictures:
      - picture_type: CoverFront
        mime_type: Png
        description: ~
        size: 849
        sha256: c73b57d8ad7de5ea9911190a5a1bcebe9b43b6250166b91b12f5c3ee969ba588
- directory: "Rename Artist - Double Digit Album [2024] [WEB V0]"
  filename: 05 Track Five.mp3
  size: 729875
  sha256: 226e1e1a1ffa227082f02d2016f3c2def64c1a3f6c52636eaafe8e6cd9a6b3bb
  audio:
    duration_ms: 65045
    overall_bitrate: 89
    audio_bitrate: 89
    sample_rate: 44100
    bit_depth: ~
    channels: 2
    channel_mask: 3
    tags:
      Id3v2:
        AlbumTitle: Double Digit Album
        RecordingDate: "2024"
        TrackArtist: Rename Artist
        TrackNumber: "5"
        TrackTitle: Track Five
    pictures:
      - picture_type: CoverFront
        mime_type: Png
        description: ~
        size: 849
        sha256: c73b57d8ad7de5ea9911190a5a1bcebe9b43b6250166b91b12f5c3ee969ba588
- directory: "Rename Artist - Double Digit Album [2024] [WEB V0]"
  filename: 06 Track Six.mp3
  size: 827243
  sha256: b34d4676a79ee591add2b983c4261de661f9aa1df11d31fae0a7002649116a54
  audio:
    duration_ms: 65045
    overall_bitrate: 101
    audio_bitrate: 101
    sample_rate: 44100
    bit_depth: ~
    channels: 2
    channel_mask: 3
    tags:
      Id3v2:
        AlbumTitle: Double Digit Album
        RecordingDate: "2024"
        TrackArtist: Rename Artist
        TrackNumber: "6"
        TrackTitle: Track Six
    pictures:
      - picture_type: CoverFront
        mime_type: Png
        description: ~
        size: 849
        sha256: c73b57d8ad7de5ea9911190a5a1bcebe9b43b6250166b91b12f5c3ee969ba588
- directory: "Rename Artist - Double Digit Album [2024] [WEB V0]"
  filename: 07 Track Seven.mp3
  size: 847578
  sha256: bd309152ab97ed1d87ae6a94be42b2eb0196c29b6409b18c03f3682ec046b7e6
  audio:
    duration_ms: 65045
    overall_bitrate: 104
    audio_bitrate: 103
    sample_rate: 44100
    bit_depth: ~
    channels: 2
    channel_mask: 3
    tags:
      Id3v2:
        AlbumTitle: Double Digit Album
        RecordingDate: "2024"
        TrackArtist: Rename Artist
        TrackNumber: "7"
        TrackTitle: Track Seven
    pictures:
      - picture_type: CoverFront
        mime_type: Png
        description: ~
        size: 849
        sha256: c73b57d8ad7de5ea9911190a5a1bcebe9b43b6250166b91b12f5c3ee969ba588
- directory: "Rename Artist - Double Digit Album [2024] [WEB V0]"
  filename: 08 Track Eight.mp3
  size: 683201
  sha256: f118eab95813226044318cd41ed5a321279e7d944bec9ab9d5599e75d7a4f0d6
  audio:
    duration_ms: 65045
    overall_bitrate: 84
    audio_bitrate: 83
    sample_rate: 44100
    bit_depth: ~
    channels: 2
    channel_mask: 3
    tags:
      Id3v2:
        AlbumTitle: Double Digit Album
        RecordingDate: "2024"
        TrackArtist: Rename Artist
        TrackNumber: "8"
        TrackTitle: Track Eight
    pictures:
      - picture_type: CoverFront
        mime_type: Png
        description: ~
        size: 849
        sha256: c73b57d8ad7de5ea9911190a5a1bcebe9b43b6250166b91b12f5c3ee969ba588
- directory: "Rename Artist - Double Digit Album [2024] [WEB V0]"
  filename: 09 Track Nine.mp3
  size: 830859
  sha256: e98ed02cc972337daa460bd629c5321bd43411241ef59110d1e6ed36219ec7ca
  audio:
    duration_ms: 65045
    overall_bitrate: 102
    audio_bitrate: 101
    sample_rate: 44100
    bit_depth: ~
    channels: 2
    channel_mask: 3
    tags:
      Id3v2:
        AlbumTitle: Double Digit Album
        RecordingDate: "2024"
        TrackArtist: Rename Artist
        TrackNumber: "9"
        TrackTitle: Track Nine
    pictures:
      - picture_type: CoverFront
        mime_type: Png
        description: ~
        size: 849
        sha256: c73b57d8ad7de5ea9911190a5a1bcebe9b43b6250166b91b12f5c3ee969ba588
- directory: "Rename Artist - Double Digit Album [2024] [WEB V0]"
  filename: 10 Track Ten.mp3
  size: 824125
  sha256: a2181573ade5294845a5b702420e3d888bedce686fcc12048014a80e2e6888e5
  audio:
    duration_ms: 65045
    overall_bitrate: 101
    audio_bitrate: 101
    sample_rate: 44100
    bit_depth: ~
    channels: 2
    channel_mask: 3
    tags:
      Id3v2:
        AlbumTitle: Double Digit Album
        RecordingDate: "2024"
        TrackArtist: Rename Artist
        TrackNumber: "10"
        TrackTitle: Track Ten
    pictures:
      - picture_type: CoverFront
        mime_type: Png
        description: ~
        size: 849
        sha256: c73b57d8ad7de5ea9911190a5a1bcebe9b43b6250166b91b12f5c3ee969ba588
- directory: "Rename Artist - Double Digit Album [2024] [WEB V0]"
  filename: cover.png
  size: 849
  sha256: c73b57d8ad7de5ea9911190a5a1bcebe9b43b6250166b91b12f5c3ee969ba588
  image:
    width: 100
    height: 100
    color_type: Rgb8
