---
source: crates/core/src/utils/report/tests/source_issues_renderer_tests.rs
expression: output
---
FLAC stream error: bad header:
- "01. Track.flac"
- "03. Track.flac"
- "05. Track.flac"

Missing tags: album:
- "CD1/01. Track.flac"
- "CD2/01. Disk 2 track.flac"
- "CD2/03. Disk 2 track.flac"

Missing tags: artist:
- "03. Track.flac"
- "10. Track.flac"

Missing tags: track number, artist:
- "01. Track.flac"
- "05. Track.flac"
- "08. Track.flac"

No tags:
- "CD1/01. Track.flac"

Unnecessary nested directory:
- ""
